// Jest Snapshot v1, https://goo.gl/fbAQLP

exports[`Auth Components should render correctly 1`] = `
<li
  className="NavigationItem"
>
  <NavLink
    activeClassName="active"
    to="/"
  />
</li>
`;
